// Vitest Snapshot v1, https://vitest.dev/guide/snapshot.html

exports[`Tag link > Renders the component 1`] = `
<div>
  <a
    class="MuiTypography-root MuiTypography-inherit MuiLink-root MuiLink-underlineAlways css-1nkbz67-MuiTypography-root-MuiLink-root"
    href="https://stackoverflow.com/questions/tagged/example"
    rel="noreferrer"
    target="_blank"
  >
    see posts for example
     
    <svg
      aria-hidden="true"
      class="MuiSvgIcon-root MuiSvgIcon-fontSizeSmall css-y3v3gx-MuiSvgIcon-root"
      data-testid="LaunchIcon"
      focusable="false"
      viewBox="0 0 24 24"
    >
      <path
        d="M19 19H5V5h7V3H5c-1.11 0-2 .9-2 2v14c0 1.1.89 2 2 2h14c1.1 0 2-.9 2-2v-7h-2zM14 3v2h3.59l-9.83 9.83 1.41 1.41L19 6.41V10h2V3z"
      />
    </svg>
  </a>
</div>
`;
